Classic Timing Analyzer report for exp13
Fri Dec 06 11:55:47 2013
Quartus II Version 9.1 Build 222 10/21/2009 SJ Web Edition


---------------------
; Table of Contents ;
---------------------
  1. Legal Notice
  2. Timing Analyzer Summary
  3. Timing Analyzer Settings
  4. Clock Settings Summary
  5. Parallel Compilation
  6. Clock Setup: 'clockContador'
  7. tco
  8. Timing Analyzer Messages



----------------
; Legal Notice ;
----------------
Copyright (C) 1991-2009 Altera Corporation
Your use of Altera Corporation's design tools, logic functions 
and other software and tools, and its AMPP partner logic 
functions, and any output files from any of the foregoing 
(including device programming or simulation files), and any 
associated documentation or information are expressly subject 
to the terms and conditions of the Altera Program License 
Subscription Agreement, Altera MegaCore Function License 
Agreement, or other applicable license agreement, including, 
without limitation, that your use is for the sole purpose of 
programming logic devices manufactured by Altera and sold by 
Altera or its authorized distributors.  Please refer to the 
applicable agreement for further details.



+-------------------------------------------------------------------------------------------------------------------------------------------------------------------------------------------------------------+
; Timing Analyzer Summary                                                                                                                                                                                     ;
+------------------------------+-------+---------------+------------------------------------------------+---------------------------+--------------------------+---------------+---------------+--------------+
; Type                         ; Slack ; Required Time ; Actual Time                                    ; From                      ; To                       ; From Clock    ; To Clock      ; Failed Paths ;
+------------------------------+-------+---------------+------------------------------------------------+---------------------------+--------------------------+---------------+---------------+--------------+
; Worst-case tco               ; N/A   ; None          ; 7.164 ns                                       ; 74161:inst9|f74161:sub|9  ; overflow                 ; clockContador ; --            ; 0            ;
; Clock Setup: 'clockContador' ; N/A   ; None          ; Restricted to 420.17 MHz ( period = 2.380 ns ) ; 74161:inst9|f74161:sub|99 ; 74161:inst9|f74161:sub|9 ; clockContador ; clockContador ; 0            ;
; Total number of failed paths ;       ;               ;                                                ;                           ;                          ;               ;               ; 0            ;
+------------------------------+-------+---------------+------------------------------------------------+---------------------------+--------------------------+---------------+---------------+--------------+


+-----------------------------------------------------------------------------------------------------------------------------------------------------+
; Timing Analyzer Settings                                                                                                                            ;
+------------------------------------------------------------------------------------------------------+--------------------+------+----+-------------+
; Option                                                                                               ; Setting            ; From ; To ; Entity Name ;
+------------------------------------------------------------------------------------------------------+--------------------+------+----+-------------+
; Device Name                                                                                          ; EP2C35F672C6       ;      ;    ;             ;
; Timing Models                                                                                        ; Final              ;      ;    ;             ;
; Default hold multicycle                                                                              ; Same as Multicycle ;      ;    ;             ;
; Cut paths between unrelated clock domains                                                            ; On                 ;      ;    ;             ;
; Cut off read during write signal paths                                                               ; On                 ;      ;    ;             ;
; Cut off feedback from I/O pins                                                                       ; On                 ;      ;    ;             ;
; Report Combined Fast/Slow Timing                                                                     ; Off                ;      ;    ;             ;
; Ignore Clock Settings                                                                                ; Off                ;      ;    ;             ;
; Analyze latches as synchronous elements                                                              ; On                 ;      ;    ;             ;
; Enable Recovery/Removal analysis                                                                     ; Off                ;      ;    ;             ;
; Enable Clock Latency                                                                                 ; Off                ;      ;    ;             ;
; Use TimeQuest Timing Analyzer                                                                        ; Off                ;      ;    ;             ;
; Minimum Core Junction Temperature                                                                    ; 0                  ;      ;    ;             ;
; Maximum Core Junction Temperature                                                                    ; 85                 ;      ;    ;             ;
; Number of source nodes to report per destination node                                                ; 10                 ;      ;    ;             ;
; Number of destination nodes to report                                                                ; 10                 ;      ;    ;             ;
; Number of paths to report                                                                            ; 200                ;      ;    ;             ;
; Report Minimum Timing Checks                                                                         ; Off                ;      ;    ;             ;
; Use Fast Timing Models                                                                               ; Off                ;      ;    ;             ;
; Report IO Paths Separately                                                                           ; Off                ;      ;    ;             ;
; Perform Multicorner Analysis                                                                         ; On                 ;      ;    ;             ;
; Reports the worst-case path for each clock domain and analysis                                       ; Off                ;      ;    ;             ;
; Reports worst-case timing paths for each clock domain and analysis                                   ; On                 ;      ;    ;             ;
; Specifies the maximum number of worst-case timing paths to report for each clock domain and analysis ; 100                ;      ;    ;             ;
; Removes common clock path pessimism (CCPP) during slack computation                                  ; Off                ;      ;    ;             ;
; Output I/O Timing Endpoint                                                                           ; Near End           ;      ;    ;             ;
+------------------------------------------------------------------------------------------------------+--------------------+------+----+-------------+


+------------------------------------------------------------------------------------------------------------------------------------------------------------------------------------+
; Clock Settings Summary                                                                                                                                                             ;
+-----------------+--------------------+----------+------------------+---------------+--------------+----------+-----------------------+---------------------+--------+--------------+
; Clock Node Name ; Clock Setting Name ; Type     ; Fmax Requirement ; Early Latency ; Late Latency ; Based on ; Multiply Base Fmax by ; Divide Base Fmax by ; Offset ; Phase offset ;
+-----------------+--------------------+----------+------------------+---------------+--------------+----------+-----------------------+---------------------+--------+--------------+
; clockContador   ;                    ; User Pin ; None             ; 0.000 ns      ; 0.000 ns     ; --       ; N/A                   ; N/A                 ; N/A    ;              ;
+-----------------+--------------------+----------+------------------+---------------+--------------+----------+-----------------------+---------------------+--------+--------------+


Parallel compilation was disabled, but you have multiple processors available. Enable parallel compilation to reduce compilation time.
+-------------------------------------+
; Parallel Compilation                ;
+----------------------------+--------+
; Processors                 ; Number ;
+----------------------------+--------+
; Number detected on machine ; 2      ;
; Maximum allowed            ; 1      ;
+----------------------------+--------+


+--------------------------------------------------------------------------------------------------------------------------------------------------------------------------------------------------------------------------------------+
; Clock Setup: 'clockContador'                                                                                                                                                                                                         ;
+-------+------------------------------------------------+----------------------------+----------------------------+---------------+---------------+-----------------------------+---------------------------+-------------------------+
; Slack ; Actual fmax (period)                           ; From                       ; To                         ; From Clock    ; To Clock      ; Required Setup Relationship ; Required Longest P2P Time ; Actual Longest P2P Time ;
+-------+------------------------------------------------+----------------------------+----------------------------+---------------+---------------+-----------------------------+---------------------------+-------------------------+
; N/A   ; Restricted to 420.17 MHz ( period = 2.380 ns ) ; 74161:inst9|f74161:sub|99  ; 74161:inst9|f74161:sub|9   ; clockContador ; clockContador ; None                        ; None                      ; 0.872 ns                ;
; N/A   ; Restricted to 420.17 MHz ( period = 2.380 ns ) ; 74161:inst9|f74161:sub|99  ; 74161:inst9|f74161:sub|110 ; clockContador ; clockContador ; None                        ; None                      ; 0.869 ns                ;
; N/A   ; Restricted to 420.17 MHz ( period = 2.380 ns ) ; 74161:inst9|f74161:sub|99  ; 74161:inst9|f74161:sub|87  ; clockContador ; clockContador ; None                        ; None                      ; 0.868 ns                ;
; N/A   ; Restricted to 420.17 MHz ( period = 2.380 ns ) ; 74161:inst9|f74161:sub|87  ; 74161:inst9|f74161:sub|9   ; clockContador ; clockContador ; None                        ; None                      ; 0.840 ns                ;
; N/A   ; Restricted to 420.17 MHz ( period = 2.380 ns ) ; 74161:inst9|f74161:sub|87  ; 74161:inst9|f74161:sub|110 ; clockContador ; clockContador ; None                        ; None                      ; 0.836 ns                ;
; N/A   ; Restricted to 420.17 MHz ( period = 2.380 ns ) ; 74161:inst9|f74161:sub|87  ; 74161:inst9|f74161:sub|99  ; clockContador ; clockContador ; None                        ; None                      ; 0.835 ns                ;
; N/A   ; Restricted to 420.17 MHz ( period = 2.380 ns ) ; 74161:inst9|f74161:sub|110 ; 74161:inst9|f74161:sub|87  ; clockContador ; clockContador ; None                        ; None                      ; 0.832 ns                ;
; N/A   ; Restricted to 420.17 MHz ( period = 2.380 ns ) ; 74161:inst9|f74161:sub|9   ; 74161:inst9|f74161:sub|99  ; clockContador ; clockContador ; None                        ; None                      ; 0.741 ns                ;
; N/A   ; Restricted to 420.17 MHz ( period = 2.380 ns ) ; 74161:inst9|f74161:sub|9   ; 74161:inst9|f74161:sub|87  ; clockContador ; clockContador ; None                        ; None                      ; 0.741 ns                ;
; N/A   ; Restricted to 420.17 MHz ( period = 2.380 ns ) ; 74161:inst9|f74161:sub|9   ; 74161:inst9|f74161:sub|110 ; clockContador ; clockContador ; None                        ; None                      ; 0.722 ns                ;
; N/A   ; Restricted to 420.17 MHz ( period = 2.380 ns ) ; 74161:inst9|f74161:sub|110 ; 74161:inst9|f74161:sub|9   ; clockContador ; clockContador ; None                        ; None                      ; 0.561 ns                ;
; N/A   ; Restricted to 420.17 MHz ( period = 2.380 ns ) ; 74161:inst9|f74161:sub|9   ; 74161:inst9|f74161:sub|9   ; clockContador ; clockContador ; None                        ; None                      ; 0.407 ns                ;
; N/A   ; Restricted to 420.17 MHz ( period = 2.380 ns ) ; 74161:inst9|f74161:sub|99  ; 74161:inst9|f74161:sub|99  ; clockContador ; clockContador ; None                        ; None                      ; 0.407 ns                ;
; N/A   ; Restricted to 420.17 MHz ( period = 2.380 ns ) ; 74161:inst9|f74161:sub|87  ; 74161:inst9|f74161:sub|87  ; clockContador ; clockContador ; None                        ; None                      ; 0.407 ns                ;
; N/A   ; Restricted to 420.17 MHz ( period = 2.380 ns ) ; 74161:inst9|f74161:sub|110 ; 74161:inst9|f74161:sub|110 ; clockContador ; clockContador ; None                        ; None                      ; 0.407 ns                ;
+-------+------------------------------------------------+----------------------------+----------------------------+---------------+---------------+-----------------------------+---------------------------+-------------------------+


+-------------------------------------------------------------------------------------------+
; tco                                                                                       ;
+-------+--------------+------------+----------------------------+----------+---------------+
; Slack ; Required tco ; Actual tco ; From                       ; To       ; From Clock    ;
+-------+--------------+------------+----------------------------+----------+---------------+
; N/A   ; None         ; 7.164 ns   ; 74161:inst9|f74161:sub|9   ; overflow ; clockContador ;
; N/A   ; None         ; 6.960 ns   ; 74161:inst9|f74161:sub|87  ; overflow ; clockContador ;
; N/A   ; None         ; 6.820 ns   ; 74161:inst9|f74161:sub|110 ; overflow ; clockContador ;
; N/A   ; None         ; 6.697 ns   ; 74161:inst9|f74161:sub|9   ; Q0       ; clockContador ;
; N/A   ; None         ; 6.692 ns   ; 74161:inst9|f74161:sub|99  ; overflow ; clockContador ;
; N/A   ; None         ; 6.425 ns   ; 74161:inst9|f74161:sub|99  ; Q2       ; clockContador ;
; N/A   ; None         ; 6.140 ns   ; 74161:inst9|f74161:sub|87  ; Q1       ; clockContador ;
; N/A   ; None         ; 6.119 ns   ; 74161:inst9|f74161:sub|110 ; Q3       ; clockContador ;
+-------+--------------+------------+----------------------------+----------+---------------+


+--------------------------+
; Timing Analyzer Messages ;
+--------------------------+
Info: *******************************************************************
Info: Running Quartus II Classic Timing Analyzer
    Info: Version 9.1 Build 222 10/21/2009 SJ Web Edition
    Info: Processing started: Fri Dec 06 11:55:47 2013
Info: Command: quartus_tan --read_settings_files=off --write_settings_files=off exp13 -c exp13 --timing_analysis_only
Warning: Found pins functioning as undefined clocks and/or memory enables
    Info: Assuming node "clockContador" is an undefined clock
Info: Clock "clockContador" Internal fmax is restricted to 420.17 MHz between source register "74161:inst9|f74161:sub|99" and destination register "74161:inst9|f74161:sub|9"
    Info: fmax restricted to clock pin edge rate 2.38 ns. Expand message to see actual delay path.
        Info: + Longest register to register delay is 0.872 ns
            Info: 1: + IC(0.000 ns) + CELL(0.000 ns) = 0.000 ns; Loc. = LCFF_X1_Y3_N21; Fanout = 6; REG Node = '74161:inst9|f74161:sub|99'
            Info: 2: + IC(0.350 ns) + CELL(0.438 ns) = 0.788 ns; Loc. = LCCOMB_X1_Y3_N8; Fanout = 1; COMB Node = '74161:inst9|f74161:sub|77'
            Info: 3: + IC(0.000 ns) + CELL(0.084 ns) = 0.872 ns; Loc. = LCFF_X1_Y3_N9; Fanout = 6; REG Node = '74161:inst9|f74161:sub|9'
            Info: Total cell delay = 0.522 ns ( 59.86 % )
            Info: Total interconnect delay = 0.350 ns ( 40.14 % )
        Info: - Smallest clock skew is 0.000 ns
            Info: + Shortest clock path from clock "clockContador" to destination register is 2.684 ns
                Info: 1: + IC(0.000 ns) + CELL(0.999 ns) = 0.999 ns; Loc. = PIN_P2; Fanout = 1; CLK Node = 'clockContador'
                Info: 2: + IC(0.118 ns) + CELL(0.000 ns) = 1.117 ns; Loc. = CLKCTRL_G3; Fanout = 4; COMB Node = 'clockContador~clkctrl'
                Info: 3: + IC(1.030 ns) + CELL(0.537 ns) = 2.684 ns; Loc. = LCFF_X1_Y3_N9; Fanout = 6; REG Node = '74161:inst9|f74161:sub|9'
                Info: Total cell delay = 1.536 ns ( 57.23 % )
                Info: Total interconnect delay = 1.148 ns ( 42.77 % )
            Info: - Longest clock path from clock "clockContador" to source register is 2.684 ns
                Info: 1: + IC(0.000 ns) + CELL(0.999 ns) = 0.999 ns; Loc. = PIN_P2; Fanout = 1; CLK Node = 'clockContador'
                Info: 2: + IC(0.118 ns) + CELL(0.000 ns) = 1.117 ns; Loc. = CLKCTRL_G3; Fanout = 4; COMB Node = 'clockContador~clkctrl'
                Info: 3: + IC(1.030 ns) + CELL(0.537 ns) = 2.684 ns; Loc. = LCFF_X1_Y3_N21; Fanout = 6; REG Node = '74161:inst9|f74161:sub|99'
                Info: Total cell delay = 1.536 ns ( 57.23 % )
                Info: Total interconnect delay = 1.148 ns ( 42.77 % )
        Info: + Micro clock to output delay of source is 0.250 ns
        Info: + Micro setup delay of destination is -0.036 ns
Info: tco from clock "clockContador" to destination pin "overflow" through register "74161:inst9|f74161:sub|9" is 7.164 ns
    Info: + Longest clock path from clock "clockContador" to source register is 2.684 ns
        Info: 1: + IC(0.000 ns) + CELL(0.999 ns) = 0.999 ns; Loc. = PIN_P2; Fanout = 1; CLK Node = 'clockContador'
        Info: 2: + IC(0.118 ns) + CELL(0.000 ns) = 1.117 ns; Loc. = CLKCTRL_G3; Fanout = 4; COMB Node = 'clockContador~clkctrl'
        Info: 3: + IC(1.030 ns) + CELL(0.537 ns) = 2.684 ns; Loc. = LCFF_X1_Y3_N9; Fanout = 6; REG Node = '74161:inst9|f74161:sub|9'
        Info: Total cell delay = 1.536 ns ( 57.23 % )
        Info: Total interconnect delay = 1.148 ns ( 42.77 % )
    Info: + Micro clock to output delay of source is 0.250 ns
    Info: + Longest register to pin delay is 4.230 ns
        Info: 1: + IC(0.000 ns) + CELL(0.000 ns) = 0.000 ns; Loc. = LCFF_X1_Y3_N9; Fanout = 6; REG Node = '74161:inst9|f74161:sub|9'
        Info: 2: + IC(0.718 ns) + CELL(0.398 ns) = 1.116 ns; Loc. = LCCOMB_X1_Y3_N16; Fanout = 1; COMB Node = 'inst10~0'
        Info: 3: + IC(0.462 ns) + CELL(2.652 ns) = 4.230 ns; Loc. = PIN_AB3; Fanout = 0; PIN Node = 'overflow'
        Info: Total cell delay = 3.050 ns ( 72.10 % )
        Info: Total interconnect delay = 1.180 ns ( 27.90 % )
Info: Quartus II Classic Timing Analyzer was successful. 0 errors, 1 warning
    Info: Peak virtual memory: 130 megabytes
    Info: Processing ended: Fri Dec 06 11:55:48 2013
    Info: Elapsed time: 00:00:01
    Info: Total CPU time (on all processors): 00:00:00


